../Core/Src/main.cpp:108:6:void SORT_TASK(APDS9960&, Servo&)	16	static
../Core/Src/main.cpp:162:6:void MOTOR_TASK(motor_drv_t*, motor_drv_t*, UART_HandleTypeDef*)	24	static
../Core/Src/main.cpp:168:6:void CORRAL_TASK(Servo&)	16	static
../Core/Src/main.cpp:177:6:void MASTERMIND_TASK(Servo&)	16	static
../Core/Src/main.cpp:197:5:int main()	136	static
../Core/Src/main.cpp:282:6:void SystemClock_Config()	88	static
../Core/Src/main.cpp:329:13:void MX_ADC1_Init()	24	static
../Core/Src/main.cpp:381:13:void MX_I2C1_Init()	8	static
../Core/Src/main.cpp:415:13:void MX_TIM1_Init()	80	static
../Core/Src/main.cpp:484:13:void MX_TIM2_Init()	48	static
../Core/Src/main.cpp:537:13:void MX_TIM3_Init()	48	static
../Core/Src/main.cpp:590:13:void MX_TIM4_Init()	48	static
../Core/Src/main.cpp:643:13:void MX_TIM5_Init()	32	static
../Core/Src/main.cpp:688:13:void MX_TIM10_Init()	8	static
../Core/Src/main.cpp:719:13:void MX_USART1_UART_Init()	8	static
../Core/Src/main.cpp:752:13:void MX_USART6_UART_Init()	8	static
../Core/Src/main.cpp:785:13:void MX_GPIO_Init()	40	static
../Core/Src/main.cpp:823:6:void usrprint(const char*)	24	static
../Core/Src/main.cpp:835:6:void usrprint(uint32_t)	40	static
../Core/Src/main.cpp:844:6:void HAL_UART_RxCpltCallback(UART_HandleTypeDef*)	16	static
../Core/Src/main.cpp:856:6:void HAL_TIM_PeriodElapsedCallback(TIM_HandleTypeDef*)	16	static
../Core/Src/main.cpp:875:6:void HAL_GPIO_EXTI_Callback(uint16_t)	72	static
../Core/Src/main.cpp:977:6:void Error_Handler()	4	static,ignoring_inline_asm
../Core/Src/main.cpp:986:1:void __static_initialization_and_destruction_0(int, int)	32	static
../Core/Src/main.cpp:986:1:cpp)	8	static
